1) Testing the check_in 
2) This is the second comment
3) this is thired comment
